
> aiquire-website@1.0.0 build
> next build

  Γû▓ Next.js 14.2.35
  - Environments: .env.local

   Creating an optimized production build ...
 Γ£ô Compiled successfully
   Linting and checking validity of types ...
node.exe : 
At C:\Program 
Files\nodejs\npm.ps1:29 
char:3
+   & $NODE_EXE $NPM_CLI_JS 
$args
+   
~~~~~~~~~~~~~~~~~~~~~~~~~~~~~
    + CategoryInfo           
   : NotSpecified: (:String  
  ) [], RemoteException
    + FullyQualifiedErrorId  
   : NativeCommandError
 
Failed to compile.

./app/admin/blog/page.tsx
205:25  Warning: Using 
`<img>` could result in 
slower LCP and higher 
bandwidth. Consider using 
`<Image />` from 
`next/image` to 
automatically optimize 
images. This may incur 
additional usage or cost 
from your provider. See: http
s://nextjs.org/docs/messages/
no-img-element  
@next/next/no-img-element

./app/admin/blog/_components/
BlogPostForm.tsx
331:17  Warning: Using 
`<img>` could result in 
slower LCP and higher 
bandwidth. Consider using 
`<Image />` from 
`next/image` to 
automatically optimize 
images. This may incur 
additional usage or cost 
from your provider. See: http
s://nextjs.org/docs/messages/
no-img-element  
@next/next/no-img-element

./app/admin/layout.tsx
5:49  Error: 'Settings' is 
defined but never used.  @typ
escript-eslint/no-unused-vars

./app/blog/[slug]/page.tsx
5:10  Error: 'getAllPosts' 
is defined but never used.  @
typescript-eslint/no-unused-v
ars
5:23  Error: 'getPostBySlug' 
is defined but never used.  @
typescript-eslint/no-unused-v
ars

./app/case-studies/page.tsx
7:10  Error: 'SITE_NAME' is 
defined but never used.  @typ
escript-eslint/no-unused-vars

./components/seo/JsonLd.tsx
6:11  Error: Unexpected any. 
Specify a different type.  @t
ypescript-eslint/no-explicit-
any
80:53  Error: Unexpected 
any. Specify a different 
type.  @typescript-eslint/no-
explicit-any

info  - Need to disable some 
ESLint rules? Learn more 
here: https://nextjs.org/docs
/basic-features/eslint#disabl
ing-rules
